[ 2026-06-27 04:51:40,051 ] 16 root - INFO - ==========================================
[ 2026-06-27 04:51:40,051 ] 17 root - INFO - Starting Training Pipeline execution...
[ 2026-06-27 04:51:40,051 ] 18 root - INFO - ==========================================
[ 2026-06-27 04:51:40,051 ] 18 root - INFO - Starting data ingestion component...
[ 2026-06-27 04:51:40,060 ] 21 root - INFO - Loaded source dataset 'insurance_claims.csv' shape: (1200, 19)
[ 2026-06-27 04:51:40,069 ] 27 root - INFO - Performing train test split...
[ 2026-06-27 04:51:40,081 ] 33 root - INFO - Ingestion completed. Raw, Train, and Test sets generated.
[ 2026-06-27 04:51:40,081 ] 35 root - INFO - Initiating data validation on artifacts/raw.csv...
[ 2026-06-27 04:51:40,100 ] 62 root - INFO - Validation report saved to validation_report.yaml
[ 2026-06-27 04:51:40,100 ] 30 root - INFO - Data Validation passed.
[ 2026-06-27 04:51:40,123 ] 83 root - INFO - Applying custom feature engineering inside data transformation pipeline...
[ 2026-06-27 04:51:40,131 ] 97 root - INFO - Fitting transformer and transforming splits...
[ 2026-06-27 04:51:40,150 ] 14 root - INFO - Saved object to artifacts\preprocessor.pkl
[ 2026-06-27 04:51:40,150 ] 20 root - INFO - Splitting training and testing input data...
[ 2026-06-27 04:51:40,150 ] 37 root - INFO - Training model: Logistic Regression...
[ 2026-06-27 04:51:40,168 ] 62 root - INFO - Logistic Regression - Recall: 0.5368 | ROC-AUC: 0.7177 | F1: 0.6036 | Accuracy: 0.7208
[ 2026-06-27 04:51:40,168 ] 37 root - INFO - Training model: Random Forest...
[ 2026-06-27 04:51:40,351 ] 62 root - INFO - Random Forest - Recall: 0.5474 | ROC-AUC: 0.7344 | F1: 0.6265 | Accuracy: 0.7417
[ 2026-06-27 04:51:40,351 ] 37 root - INFO - Training model: XGBoost...
[ 2026-06-27 04:51:40,485 ] 62 root - INFO - XGBoost - Recall: 0.5158 | ROC-AUC: 0.7385 | F1: 0.5833 | Accuracy: 0.7083
[ 2026-06-27 04:51:40,485 ] 69 root - INFO - Best model selected: Random Forest with Composite Score: 0.6222
[ 2026-06-27 04:51:40,492 ] 14 root - INFO - Saved object to models\fraud_model.pkl
[ 2026-06-27 04:51:40,492 ] 79 root - INFO - Best model pickled successfully.
[ 2026-06-27 04:51:40,492 ] 15 root - INFO - Initiating model evaluation pipeline...
[ 2026-06-27 04:51:40,552 ] 36 root - INFO - Model evaluation complete. Metrics written to metrics.json
[ 2026-06-27 04:51:40,553 ] 44 root - INFO - Training Pipeline execution completed successfully.
