[ 2026-06-27 04:59:13,534 ] 16 root - INFO - ==========================================
[ 2026-06-27 04:59:13,535 ] 17 root - INFO - Starting Training Pipeline execution...
[ 2026-06-27 04:59:13,535 ] 18 root - INFO - ==========================================
[ 2026-06-27 04:59:13,535 ] 18 root - INFO - Starting data ingestion component...
[ 2026-06-27 04:59:13,559 ] 21 root - INFO - Loaded source dataset 'insurance_claims.csv' shape: (1200, 19)
[ 2026-06-27 04:59:13,583 ] 27 root - INFO - Performing train test split...
[ 2026-06-27 04:59:13,605 ] 33 root - INFO - Ingestion completed. Raw, Train, and Test sets generated.
[ 2026-06-27 04:59:13,606 ] 35 root - INFO - Initiating data validation on artifacts/raw.csv...
[ 2026-06-27 04:59:13,632 ] 62 root - INFO - Validation report saved to validation_report.yaml
[ 2026-06-27 04:59:13,632 ] 30 root - INFO - Data Validation passed.
[ 2026-06-27 04:59:13,655 ] 83 root - INFO - Applying custom feature engineering inside data transformation pipeline...
[ 2026-06-27 04:59:13,665 ] 97 root - INFO - Fitting transformer and transforming splits...
[ 2026-06-27 04:59:13,689 ] 14 root - INFO - Saved object to artifacts\preprocessor.pkl
[ 2026-06-27 04:59:13,689 ] 20 root - INFO - Splitting training and testing input data...
[ 2026-06-27 04:59:21,861 ] 43 root - INFO - Training model: Logistic Regression...
[ 2026-06-27 04:59:59,207 ] 79 root - INFO - Logistic Regression - Recall: 0.5368 | ROC-AUC: 0.7177 | F1: 0.6036 | Accuracy: 0.7208
[ 2026-06-27 04:59:59,216 ] 43 root - INFO - Training model: Random Forest...
[ 2026-06-27 05:00:06,539 ] 79 root - INFO - Random Forest - Recall: 0.5474 | ROC-AUC: 0.7344 | F1: 0.6265 | Accuracy: 0.7417
[ 2026-06-27 05:00:06,546 ] 43 root - INFO - Training model: XGBoost...
[ 2026-06-27 05:00:12,726 ] 79 root - INFO - XGBoost - Recall: 0.5158 | ROC-AUC: 0.7385 | F1: 0.5833 | Accuracy: 0.7083
[ 2026-06-27 05:00:12,733 ] 86 root - INFO - Best model selected: Random Forest with Composite Score: 0.6222
[ 2026-06-27 05:00:12,736 ] 14 root - INFO - Saved object to models\fraud_model.pkl
[ 2026-06-27 05:00:12,737 ] 96 root - INFO - Best model pickled successfully.
[ 2026-06-27 05:00:12,737 ] 15 root - INFO - Initiating model evaluation pipeline...
[ 2026-06-27 05:00:12,777 ] 36 root - INFO - Model evaluation complete. Metrics written to metrics.json
[ 2026-06-27 05:00:12,778 ] 44 root - INFO - Training Pipeline execution completed successfully.
